com\example\arriendos\model\Cliente.class
com\example\arriendos\SpringSecurityConfig.class
com\example\arriendos\repositories\UsuarioRepository.class
com\example\arriendos\model\Categoria.class
com\example\arriendos\repositories\CategoriaRepository.class
com\example\arriendos\services\Impl\PiezaServiceImpl.class
com\example\arriendos\ArriendosApplication.class
com\example\arriendos\MvcConfig.class
com\example\arriendos\model\Residencia.class
com\example\arriendos\controller\PiezaController.class
com\example\arriendos\services\UsuarioService.class
com\example\arriendos\services\Impl\ResidenciaServiceImpl.class
com\example\arriendos\controller\ResidenciaController.class
com\example\arriendos\services\Impl\UsuarioServiceImpl.class
com\example\arriendos\services\ResidenciaService.class
com\example\arriendos\controller\ResidenciaController$1.class
com\example\arriendos\controller\WelcomeController.class
com\example\arriendos\model\Usuario.class
com\example\arriendos\repositories\PiezaRepository.class
com\example\arriendos\services\PiezaService.class
com\example\arriendos\controller\UsuarioController.class
com\example\arriendos\repositories\ClienteRepository.class
com\example\arriendos\UserDetailServiceImpl.class
com\example\arriendos\model\Pieza.class
com\example\arriendos\model\Piezacat.class
com\example\arriendos\repositories\ResidenciaRepository.class
