C:\Users\Caty\arriendos\src\main\java\com\example\arriendos\model\Piezacat.java
C:\Users\Caty\arriendos\src\main\java\com\example\arriendos\MvcConfig.java
C:\Users\Caty\arriendos\src\main\java\com\example\arriendos\services\Impl\ResidenciaServiceImpl.java
C:\Users\Caty\arriendos\src\main\java\com\example\arriendos\repositories\ResidenciaRepository.java
C:\Users\Caty\arriendos\src\main\java\com\example\arriendos\model\Pieza.java
C:\Users\Caty\arriendos\src\main\java\com\example\arriendos\controller\ResidenciaController.java
C:\Users\Caty\arriendos\src\main\java\com\example\arriendos\model\Residencia.java
C:\Users\Caty\arriendos\src\main\java\com\example\arriendos\repositories\UsuarioRepository.java
C:\Users\Caty\arriendos\src\main\java\com\example\arriendos\repositories\ClienteRepository.java
C:\Users\Caty\arriendos\src\main\java\com\example\arriendos\UserDetailServiceImpl.java
C:\Users\Caty\arriendos\src\main\java\com\example\arriendos\controller\UsuarioController.java
C:\Users\Caty\arriendos\src\main\java\com\example\arriendos\services\PiezaService.java
C:\Users\Caty\arriendos\src\main\java\com\example\arriendos\repositories\CategoriaRepository.java
C:\Users\Caty\arriendos\src\main\java\com\example\arriendos\ArriendosApplication.java
C:\Users\Caty\arriendos\src\main\java\com\example\arriendos\model\Cliente.java
C:\Users\Caty\arriendos\src\main\java\com\example\arriendos\services\Impl\PiezaServiceImpl.java
C:\Users\Caty\arriendos\src\main\java\com\example\arriendos\model\Usuario.java
C:\Users\Caty\arriendos\src\main\java\com\example\arriendos\repositories\PiezaRepository.java
C:\Users\Caty\arriendos\src\main\java\com\example\arriendos\SpringSecurityConfig.java
C:\Users\Caty\arriendos\src\main\java\com\example\arriendos\model\Categoria.java
C:\Users\Caty\arriendos\src\main\java\com\example\arriendos\services\ResidenciaService.java
C:\Users\Caty\arriendos\src\main\java\com\example\arriendos\controller\PiezaController.java
C:\Users\Caty\arriendos\src\main\java\com\example\arriendos\services\Impl\UsuarioServiceImpl.java
C:\Users\Caty\arriendos\src\main\java\com\example\arriendos\services\UsuarioService.java
C:\Users\Caty\arriendos\src\main\java\com\example\arriendos\controller\WelcomeController.java
